// Jest Snapshot v1, https://goo.gl/fbAQLP

exports[` Test router dom in navbar component 1`] = `null`;
